# Readdirplus bounded candidate heap benchmark run
2026-06-21T01:55:10Z
REPO=/home/spi-ca/Codebase/screenfs
HEAD12=70a31053d688
CLEAN=/tmp/screenfs-readdirplus-before.UDcAvW
ART=/home/spi-ca/Codebase/screenfs/docs/artifacts/readdirplus-bounded-candidate-heap/worktree-70a31053d688
Preparing worktree (detached HEAD 70a3105)
HEAD is now at 70a3105 docs(perf): 성능 후속 근거와 검증 정리
   Compiling proc-macro2 v1.0.106
   Compiling quote v1.0.45
   Compiling unicode-ident v1.0.24
   Compiling libc v0.2.186
   Compiling pin-project-lite v0.2.17
   Compiling cfg_aliases v0.2.1
   Compiling bitflags v2.13.0
   Compiling crossbeam-utils v0.8.21
   Compiling rustix v1.1.4
   Compiling scopeguard v1.2.0
   Compiling io-uring v0.7.12
   Compiling cfg-if v1.0.4
   Compiling futures-core v0.3.32
   Compiling once_cell v1.21.4
   Compiling lock_api v0.4.14
   Compiling slab v0.4.12
   Compiling linux-raw-sys v0.12.1
   Compiling tracing-core v0.1.36
   Compiling autocfg v1.5.1
   Compiling futures-task v0.3.32
   Compiling paste v1.0.15
   Compiling bytes v1.11.1
   Compiling spin v0.9.8
   Compiling compio-driver v0.11.4
   Compiling memoffset v0.9.1
   Compiling serde_core v1.0.228
   Compiling syn v2.0.117
   Compiling crossbeam-queue v0.3.12
   Compiling flume v0.12.0
   Compiling socket2 v0.6.4
   Compiling compio-buf v0.8.2
   Compiling num_cpus v1.17.0
   Compiling nix v0.31.3
   Compiling serde v1.0.228
   Compiling thin-cell v0.1.2
   Compiling core_affinity v0.8.3
   Compiling tokio v1.52.3
   Compiling hashbrown v0.17.1
   Compiling scoped-tls v1.0.1
   Compiling async-task v4.7.1
   Compiling io_uring_buf_ring v0.2.3
   Compiling futures-sink v0.3.32
   Compiling equivalent v1.0.2
   Compiling which v8.0.3
   Compiling itoa v1.0.18
   Compiling unsafe-libyaml v0.2.11
   Compiling indexmap v2.14.0
   Compiling ryu v1.0.23
   Compiling tokio-util v0.7.18
   Compiling futures-macro v0.3.32
   Compiling tracing-attributes v0.1.31
   Compiling serde_derive v1.0.228
   Compiling futures-util v0.3.32
   Compiling tracing v0.1.44
   Compiling compio-log v0.1.0
   Compiling synchrony v0.1.8
   Compiling compio-runtime v0.11.0
   Compiling fractal-fuse v0.4.0
   Compiling serde_yaml v0.9.34+deprecated
   Compiling screenfs v0.1.0 (/tmp/screenfs-readdirplus-before.UDcAvW)
    Finished `release` profile [optimized] target(s) in 18.92s
   Compiling screenfs v0.1.0 (/home/spi-ca/Codebase/screenfs)
    Finished `release` profile [optimized] target(s) in 9.16s
